
> my-project@0.1.0 prebuild /home/runner/work/nexus-premium-ui/nexus-premium-ui/nexus-premium-ui
> node ./scripts/copy-maplibre-worker.mjs

[NEXUS] MapLibre worker assets ready: /home/runner/work/nexus-premium-ui/nexus-premium-ui/nexus-premium-ui/public/maplibre, /home/runner/work/nexus-premium-ui/nexus-premium-ui/public/maplibre

> my-project@0.1.0 build /home/runner/work/nexus-premium-ui/nexus-premium-ui/nexus-premium-ui
> next build

⚠ No build cache found. Please configure build caching for faster rebuilds. Read more: https://nextjs.org/docs/messages/no-cache
Attention: Next.js now collects completely anonymous telemetry regarding usage.
This information is used to shape Next.js' roadmap and prioritize features.
You can learn more, including how to opt-out if you'd not like to participate in this anonymous program, by visiting the following URL:
https://nextjs.org/telemetry

▲ Next.js 16.2.6 (Turbopack)
- Environments: .env.production

  Creating an optimized production build ...
✓ Compiled successfully in 5.8s
  Running TypeScript ...
Failed to type check.

./lib/planners/providers/real-venue-provider.ts:93:3
Type error: Type '((PlannerVenue & { ratingCount: number; photoUrl: string | null; }) | null)[]' is not assignable to type 'PlannerVenue[]'.
  Type '(PlannerVenue & { ratingCount: number; photoUrl: string | null; }) | null' is not assignable to type 'PlannerVenue'.
    Type 'null' is not assignable to type 'PlannerVenue'.

  [90m91 |[0m   [36mif[0m (data.error) [36mthrow[0m [36mnew[0m [33mError[0m(data.error.message ?? [32m'Google Places search failed'[0m)
  [90m92 |[0m
[31m[1m>[0m [90m93 |[0m   [36mreturn[0m (data.places ?? [])
  [90m   |[0m   [31m[1m^[0m
  [90m94 |[0m     .map((place, index) => {
  [90m95 |[0m       [36mconst[0m lat = place.location?.latitude
  [90m96 |[0m       [36mconst[0m lng = place.location?.longitude
Next.js build worker exited with code: 1 and signal: null
/home/runner/work/nexus-premium-ui/nexus-premium-ui/nexus-premium-ui:
 ERR_PNPM_RECURSIVE_RUN_FIRST_FAIL  my-project@0.1.0 build: `next build`
Exit status 1
